{
  "data": {
    "gameSettings": {
      "id": "df9ff649-1111-41af-9792-5b1cd07a14e9",
      "gameId": "df9ff649-2222-41af-9792-5b1cd07a14e9",
      "votingTime": 60,
      "isBreakAllowed": true,
      "game": {
        "name": "Name",
        "description": "Description",
        "players": {
          "items": [
            {
              "id": "d9330d3f-a85b-415a-8136-a454129165a7",
              "name": "Name1"
            },
            {
              "id": "16569daf-a211-43f1-bfe1-a36f6c36e267",
              "name": "Name2"
            }
          ],
          "totalCount": 2
        }
      }
    }
  }
}
