{
  "data": {
    "updateGameSettings": {
      "id": "df9ff649-1111-41af-9792-5b1cd07a14e9",
      "gameId": "df9ff649-2222-41af-9792-5b1cd07a14e9",
      "votingTime": 60,
      "isBreakAllowed": true
    }
  }
}
