{
  "data": {
    "updateVote": {
      "id": "c2bc2b96-5555-4e0d-9861-730db9ffbc4d",
      "playerId": "c2bc2b96-6666-4e0d-9861-730db9ffbc4d",
      "value": 2
    }
  }
}
