{
  "data": {
    "leaveGame": {
      "gameId": "df9ff649-d9df-41af-9792-5b1cd07a14e9",
      "userId": "96d0bf00-fdd9-4dd7-944c-927d03bcea55"
    }
  }
}
