{
  "data": {
    "players": {
      "items": [
        {
          "id": "eca9f3f0-1777-4507-9880-845ccfe241d5",
          "name": "Name1"
        },
        {
          "id": "513e1a3a-5719-4179-bdfb-b80f194e8282",
          "name": "Name2"
        }
      ],
      "totalCount": 2
    }
  }
}
