{
  "data": {
    "players": {
      "gameId": "f3ac3173-837d-4d2d-84f3-037ba450f503",
      "playerList": [],
      "totalCount": 2
    }
  }
}
