{
  "data": {
    "game": {
      "id": "f3ac3173-837d-4d2d-84f3-037ba450f503",
      "name": "name",
      "description": "description"
    }
  }
}
